[biorex] BioRex Tripla: 167 showtimes
[biorex] BioRex Redi: 133 showtimes
[biorex] BioRex Verkatehdas: 64 showtimes
[biorex] BioRex Sveitsi: 55 showtimes
[biorex] BioRex Kajaani: 31 showtimes
[biorex] BioRex Pietarsaari: 20 showtimes
[biorex] BioRex Porvoo: 42 showtimes
[biorex] BioRex Riihimäki: 17 showtimes
[biorex] BioRex Rovaniemi: 50 showtimes
[biorex] BioRex Seinäjoki: 67 showtimes
[biorex] BioRex Tornio: 37 showtimes
[biorex] BioRex Vaasa: 60 showtimes
[biorex] film pages: 34/34
[biorex] synopses merged: 1
[biorex] BioRex Tripla: 167 showtimes, 13 dates
[biorex] BioRex Redi: 133 showtimes, 13 dates
[biorex] BioRex Verkatehdas: 64 showtimes, 10 dates
[biorex] BioRex Sveitsi: 55 showtimes, 10 dates
[biorex] BioRex Kajaani: 31 showtimes, 10 dates
[biorex] BioRex Pietarsaari: 20 showtimes, 10 dates
[biorex] BioRex Porvoo: 42 showtimes, 10 dates
[biorex] BioRex Riihimäki: 17 showtimes, 9 dates
[biorex] BioRex Rovaniemi: 50 showtimes, 10 dates
[biorex] BioRex Seinäjoki: 67 showtimes, 10 dates
[biorex] BioRex Tornio: 37 showtimes, 10 dates
[biorex] BioRex Vaasa: 60 showtimes, 10 dates
[run] http: 0 revalidated (304), 34 full, 0 not stored (origin said no-store), 0 cache entries written
[run] biorex: 12 venues, 743 showtimes, 0 stale, 0 unverified, 0 pending, 0 with no programme, 0 failures
exit=0
