[kinoset] Kino 1-2 (Huittinen): 6 showtimes
[kinoset] Kinema (Loimaa): 5 showtimes
[kinoset] Bio (Sastamala): 5 showtimes
[kinoset] synopses merged: 0
[kinoset] Kino 1-2: 6 showtimes, 3 dates
[kinoset] Kinema: 5 showtimes, 3 dates
[kinoset] Bio: 5 showtimes, 3 dates
[kinoaurora] Kino Aurora (Jyväskylä): 8 showtimes
[kinoaurora] synopses merged: 0
[kinoaurora] Kino Aurora: 8 showtimes, 4 dates
[kinohirvi] Kino Hirvi (Äänekoski): 6 showtimes
[kinohirvi] synopses merged: 0
[kinohirvi] Kino Hirvi: 6 showtimes, 2 dates
[biosade] Bio Säde (Mänttä): 4 showtimes
[biosade] synopses merged: 0
[biosade] Bio Säde: 4 showtimes, 2 dates
[kinomarilyn] Kino Marilyn (Loviisa): 18 showtimes
[kinomarilyn] synopses merged: 0
[kinomarilyn] Kino Marilyn: 18 showtimes, 6 dates
[kinoolympia] Kino Olympia (Hanko): 14 showtimes
[kinoolympia] synopses merged: 0
[kinoolympia] Kino Olympia: 14 showtimes, 7 dates
[jarvelankino] Järvelän Kino (Järvelä): 8 showtimes
[jarvelankino] synopses merged: 0
[jarvelankino] Järvelän Kino: 8 showtimes, 6 dates
[kinometso] Muurame (Muurame): 0 showtimes
[kinometso] Petäjävesi (Petäjävesi): 0 showtimes
[kinometso] Tikkakoski (Jyväskylä): 0 showtimes
[kinometso] Vaajakoski (Jyväskylä): 3 showtimes
[kinometso] synopses merged: 0
[kinometso] Muurame: no programme at the moment (adapter confirmed the venue empty); publishing an empty file
[kinometso] Petäjävesi: no programme at the moment (adapter confirmed the venue empty); publishing an empty file
[kinometso] Tikkakoski: no programme at the moment (adapter confirmed the venue empty); publishing an empty file
[kinometso] Vaajakoski: 3 showtimes, 1 dates
[run] http: 0 revalidated (304), 10 full, 10 not stored (origin said no-store), 0 cache entries written
[run] pending: kinometso has 3 venue(s) with no programme yet: km-muurame, km-petajavesi, km-tikkakoski
[run] nexxo: 10 venues, 77 showtimes, 0 stale, 0 unverified, 3 pending, 0 with no programme, 0 failures
exit=0
