[kotkanleffat] synopses merged: 0
[kotkanleffat] Kinopalatsi Kotka: 9 showtimes, 5 dates
[kotkanleffat] Trio 123: 38 showtimes, 5 dates
[biorexkokkola] synopses merged: 0
[biorexkokkola] Bio Rex Kokkola: 20 showtimes, 7 dates
[kinopirtti] synopses merged: 0
[kinopirtti] Kinopirtti: 44 showtimes, 9 dates
[leffabuumi] synopses merged: 0
[leffabuumi] Kinolinna: 28 showtimes, 5 dates
[leffabuumi] Kino Ritz: 4 showtimes, 4 dates
[leffabuumi] Kino Saimaa: 4 showtimes, 3 dates
[studio123jarvenpaa] synopses merged: 0
[studio123jarvenpaa] Studio 123 Järvenpää: 20 showtimes, 4 dates
[studio123kouvola] synopses merged: 0
[studio123kouvola] Studio 123 Kouvola: 26 showtimes, 5 dates
[ihmekompleksi] synopses merged: 0
[ihmekompleksi] Ihme Kompleksi: 13 showtimes, 6 dates
[kino123] synopses merged: 0
[kino123] Kino 123: 35 showtimes, 5 dates
[kinotar] synopses merged: 0
[kinotar] Kinotar 123: 10 showtimes, 4 dates
[kinojuha] synopses merged: 0
[kinojuha] Kino Juha: 7 showtimes, 4 dates
[biogrand] synopses merged: 0
[biogrand] Bio Grand: 9 showtimes, 4 dates
[biovuoksi] synopses merged: 0
[biovuoksi] Bio Vuoksi: 12 showtimes, 4 dates
[kinoiiris] synopses merged: 0
[kinoiiris] Kino Iiris: 19 showtimes, 4 dates
[kkino] synopses merged: 0
[kkino] synopses skipped as screening notes (price): 14
[kkino] K-Kino: 14 showtimes, 8 dates
[biograni] synopses merged: 0
[biograni] Bio Grani: 2 showtimes, 2 dates
[niagara] synopses merged: 0
[niagara] Cinema Niagara: 26 showtimes, 9 dates
[run] http: 0 revalidated (304), 154 full, 154 not stored (origin said no-store), 0 cache entries written
[run] etiketti: 19 venues, 340 showtimes, 0 stale, 0 unverified, 0 pending, 0 with no programme, 0 failures
exit=0
