[kinoset] Kino 1-2 (Huittinen): 18 showtimes
[kinoset] Kinema (Loimaa): 13 showtimes
[kinoset] Bio (Sastamala): 12 showtimes
[kinoset] Kino 1-2: 18 showtimes, 5 dates
[kinoset] Kinema: 13 showtimes, 7 dates
[kinoset] Bio: 12 showtimes, 6 dates
[kinoset] synopses merged: 0
[kinoaurora] Kino Aurora (Jyväskylä): 43 showtimes
[kinoaurora] strand prefix split off 3 showtimes
[kinoaurora] Kino Aurora: 43 showtimes, 12 dates
[kinoaurora] synopses merged: 0
[kinohirvi] Kino Hirvi (Äänekoski): 27 showtimes
[kinohirvi] Kino Hirvi: 27 showtimes, 6 dates
[kinohirvi] synopses merged: 0
[biosade] Bio Säde (Mänttä): 4 showtimes
[biosade] Bio Säde: 4 showtimes, 2 dates
[biosade] synopses merged: 0
[kinomarilyn] Kino Marilyn (Loviisa): 38 showtimes
[kinomarilyn] Kino Marilyn: 38 showtimes, 10 dates
[kinomarilyn] synopses merged: 0
[kinoolympia] Kino Olympia (Hanko): 17 showtimes
[kinoolympia] Kino Olympia: 17 showtimes, 10 dates
[kinoolympia] synopses merged: 0
[jarvelankino] Järvelän Kino (Järvelä): 6 showtimes
[jarvelankino] Järvelän Kino: 6 showtimes, 5 dates
[jarvelankino] synopses merged: 0
[kinometso] Muurame (Muurame): 6 showtimes
[kinometso] Petäjävesi (Petäjävesi): 1 showtimes
[kinometso] Tikkakoski (Jyväskylä): 0 showtimes
[kinometso] Vaajakoski (Jyväskylä): 0 showtimes
[kinometso] Muurame: 6 showtimes, 3 dates
[kinometso] Petäjävesi: 1 showtimes, 1 dates
[kinometso] Tikkakoski: no programme at the moment (adapter confirmed the venue empty); publishing an empty file
[kinometso] Vaajakoski: no programme at the moment (adapter confirmed the venue empty); publishing an empty file
[kinometso] synopses merged: 0
[run] http: 0 revalidated (304), 10 full, 10 not stored (origin said no-store), 0 cache entries written
[run] hosts: 6 attempted -- jarvelankino.fi, kino-olympia.fi, kinoaurora.fi, kinohirvi.fi, kinomarilyn.fi, kinoset.fi
[run] pending: kinometso has 2 venue(s) with no programme yet: km-tikkakoski, km-vaajakoski
[run] nexxo: 11 venues, 185 showtimes, 0 stale, 0 unverified, 2 pending, 0 with no programme, 0 failures
[run] timing: 8 site(s), 37.9s of fetching added up across workers that overlap, longest site 11.3s, longest queue wait 0.0s, 11.3s wall from this module's first fetch starting to its last ending
exit=0
