[kotkanleffat] Kinopalatsi Kotka: 22 showtimes, 10 dates
[kotkanleffat] Trio 123: 84 showtimes, 10 dates
[kotkanleffat] synopses merged: 0
[biorexkokkola] Bio Rex Kokkola: 51 showtimes, 11 dates
[biorexkokkola] synopses merged: 0
[kinopirtti] Kinopirtti: 104 showtimes, 10 dates
[kinopirtti] synopses merged: 0
[leffabuumi] Kinolinna: 75 showtimes, 14 dates
[leffabuumi] Kino Ritz: 13 showtimes, 10 dates
[leffabuumi] Kino Saimaa: 4 showtimes, 3 dates
[leffabuumi] synopses merged: 0
[studio123jarvenpaa] Studio 123 Järvenpää: 79 showtimes, 10 dates
[studio123jarvenpaa] synopses merged: 0
[studio123kouvola] Studio 123 Kouvola: 59 showtimes, 10 dates
[studio123kouvola] synopses merged: 0
[ihmekompleksi] Ihme Kompleksi: 12 showtimes, 5 dates
[ihmekompleksi] synopses merged: 0
[kino123] Kino 123: 90 showtimes, 10 dates
[kino123] synopses merged: 0
[kinotar] Kinotar 123: 39 showtimes, 10 dates
[kinotar] synopses merged: 0
[kinojuha] Kino Juha: 12 showtimes, 8 dates
[kinojuha] VIP-Sali: 12 showtimes, 9 dates
[kinojuha] synopses merged: 0
[biogrand] Bio Grand: 35 showtimes, 10 dates
[biogrand] synopses merged: 0
[biovuoksi] Bio Vuoksi: 31 showtimes, 9 dates
[biovuoksi] synopses merged: 0
[kinoiiris] Kino Iiris: 35 showtimes, 13 dates
[kinoiiris] synopses merged: 0
[kkino] K-Kino: 18 showtimes, 8 dates
[kkino] synopses merged: 0
[biograni] Bio Grani: 11 showtimes, 5 dates
[biograni] synopses merged: 0
[niagara] Cinema Niagara: 68 showtimes, 22 dates
[niagara] synopses merged: 0
[run] http: 0 revalidated (304), 256 full, 256 not stored (origin said no-store), 0 cache entries written
[run] hosts: 16 attempted -- biogrand.fi, biograni.fi, biovuoksi.fi, cinemaniagara.fi, ihmekompleksi.fi, jamsankinotar.fi, k-kino.fi, kino123.fi, kinoiiris.com, kinojuha.fi, kinopirtti.fi, kotkanleffat.fi, leffabuumi.fi, studio123.fi, studiot123.com, www.biorex.org
[run] etiketti: 20 venues, 854 showtimes, 0 stale, 0 unverified, 0 pending, 0 with no programme, 0 failures
[run] timing: 16 site(s), 505.0s of fetching added up across workers that overlap, longest site 74.4s, longest queue wait 60.2s, 134.6s wall from this module's first fetch starting to its last ending
exit=0
