[cloud] 22 module(s), 55 site(s), 53 host group(s), pool of 8
[cloud] biorex: exit=0
[cloud] nexxo: exit=0
[cloud] etiketti: exit=0
[cloud] riviera: exit=0
[cloud] gilda: exit=0
[cloud] orion: exit=0
[cloud] heureka: exit=0
[cloud] vista: exit=0
[cloud] tapiola: exit=0
[cloud] cinemahouse: exit=0
[cloud] isohannu: exit=0
[cloud] tmb: exit=0
[cloud] julia: exit=0
[cloud] biokaari: exit=0
[cloud] vaakuna: exit=0
[cloud] kuvakukko: exit=0
[cloud] kirkkonummi: exit=0
[cloud] biosavoy: exit=0
[cloud] cinemantsala: exit=0
[cloud] kinola: exit=0
[cloud] johku: exit=0
[cloud] tribe: exit=0
[cloud] 172.0s wall, 1046.9s of fetching added up across workers that overlap, 55 site(s) fetched
[cloud] held at most 46 fetched site(s) and 2812 byte(s) of captured log waiting for publication
exit=0
