[token] using FINNKINO_TOKEN from the environment
[sites] 17 cinemas
[schedule] 2026-10-01: 340 showtimes
[schedule] 2026-10-02: 342 showtimes
[schedule] 2026-10-03: 385 showtimes
[schedule] 2026-10-04: 369 showtimes
[schedule] 2026-10-05: 279 showtimes
[schedule] 2026-10-06: 268 showtimes
[schedule] 2026-10-07: 247 showtimes
[tmdb] no TMDB match (1): Ooppera: Così Fan Tutte
[tmdb] weak match, no exact title (1): Rose -> Rose
[tmdb] rating held back, under 25 votes (2): LINKIN PARK: UNSHATTER (9.0 / 4 votes) | Verityn varjo (7.8 / 6 votes)
[tmdb] rating refresh: 2 scheduled, 2 re-read, 0 failed and still due, 0 deferred (budget 12)
[tmdb] 2 new lookups, 12 re-checks, cache 89, 81 mergeable by id
[films] 2 character(s) restored from another chain's copy
[films] 57 film entries
[attrs] dropped, neither format nor language (11): EiText | Ennakko | IV | Klassikko | Maxim | OCAP | Pkseutu | SEVERAL | TKU & R | Tampere | Varaus20
[schedule] 17 venue files written, 0 kept as-is
done
exit=0
